snapshot should be stored in the same directory as the test